// Jest Snapshot v1, https://goo.gl/fbAQLP

exports[`Form should match snapshot 1`] = `
ShallowWrapper {
  Symbol(enzyme.__root__): [Circular],
  Symbol(enzyme.__unrendered__): <Form
    updateDistrict={[Function]}
/>,
  Symbol(enzyme.__renderer__): Object {
    "batchedUpdates": [Function],
    "getNode": [Function],
    "render": [Function],
    "simulateEvent": [Function],
    "unmount": [Function],
  },
  Symbol(enzyme.__node__): Object {
    "instance": null,
    "key": undefined,
    "nodeType": "host",
    "props": Object {
      "children": <input
        className="search"
        onChange={[Function]}
        placeholder="Select card to compare.."
        type="text"
        value=""
/>,
      "className": "Form",
      "onSubmit": [Function],
    },
    "ref": null,
    "rendered": Object {
      "instance": null,
      "key": undefined,
      "nodeType": "host",
      "props": Object {
        "className": "search",
        "onChange": [Function],
        "placeholder": "Select card to compare..",
        "type": "text",
        "value": "",
      },
      "ref": null,
      "rendered": null,
      "type": "input",
    },
    "type": "form",
  },
  Symbol(enzyme.__nodes__): Array [
    Object {
      "instance": null,
      "key": undefined,
      "nodeType": "host",
      "props": Object {
        "children": <input
          className="search"
          onChange={[Function]}
          placeholder="Select card to compare.."
          type="text"
          value=""
/>,
        "className": "Form",
        "onSubmit": [Function],
      },
      "ref": null,
      "rendered": Object {
        "instance": null,
        "key": undefined,
        "nodeType": "host",
        "props": Object {
          "className": "search",
          "onChange": [Function],
          "placeholder": "Select card to compare..",
          "type": "text",
          "value": "",
        },
        "ref": null,
        "rendered": null,
        "type": "input",
      },
      "type": "form",
    },
  ],
  Symbol(enzyme.__options__): Object {
    "adapter": ReactFifteenAdapter {
      "options": Object {
        "lifecycles": Object {
          "componentDidUpdate": Object {
            "prevContext": true,
          },
        },
        "supportPrevContextArgumentOfComponentDidUpdate": true,
      },
    },
    "attachTo": undefined,
    "hydrateIn": undefined,
  },
}
`;
